Copyright 1986-2022 Xilinx, Inc. All Rights Reserved. Copyright 2022-2024 Advanced Micro Devices, Inc. All Rights Reserved.
---------------------------------------------------------------------------------------------------------------------------------------------
| Tool Version : Vivado v.2023.2.2 (win64) Build 4126759 Thu Feb  8 23:53:51 MST 2024
| Date         : Wed May  8 15:36:17 2024
| Host         : Amh2 running 64-bit major release  (build 9200)
| Command      : report_control_sets -verbose -file uart_block_wrapper_control_sets_placed.rpt
| Design       : uart_block_wrapper
| Device       : xc7z020
---------------------------------------------------------------------------------------------------------------------------------------------

Control Set Information

Table of Contents
-----------------
1. Summary
2. Histogram
3. Flip-Flop Distribution
4. Detailed Control Set Information

1. Summary
----------

+----------------------------------------------------------+-------+
|                          Status                          | Count |
+----------------------------------------------------------+-------+
| Total control sets                                       |     5 |
|    Minimum number of control sets                        |     5 |
|    Addition due to synthesis replication                 |     0 |
|    Addition due to physical synthesis replication        |     0 |
| Unused register locations in slices containing registers |    13 |
+----------------------------------------------------------+-------+
* Control sets can be merged at opt_design using control_set_merge or merge_equivalent_drivers
** Run report_qor_suggestions for automated merging and remapping suggestions


2. Histogram
------------

+--------------------+-------+
|       Fanout       | Count |
+--------------------+-------+
| Total control sets |     5 |
| >= 0 to < 4        |     1 |
| >= 4 to < 6        |     0 |
| >= 6 to < 8        |     0 |
| >= 8 to < 10       |     3 |
| >= 10 to < 12      |     1 |
| >= 12 to < 14      |     0 |
| >= 14 to < 16      |     0 |
| >= 16              |     0 |
+--------------------+-------+
* Control sets can be remapped at either synth_design or opt_design


3. Flip-Flop Distribution
-------------------------

+--------------+-----------------------+------------------------+-----------------+--------------+
| Clock Enable | Synchronous Set/Reset | Asynchronous Set/Reset | Total Registers | Total Slices |
+--------------+-----------------------+------------------------+-----------------+--------------+
| No           | No                    | No                     |               9 |            4 |
| No           | No                    | Yes                    |              16 |            4 |
| No           | Yes                   | No                     |               0 |            0 |
| Yes          | No                    | No                     |               0 |            0 |
| Yes          | No                    | Yes                    |              10 |            2 |
| Yes          | Yes                   | No                     |               0 |            0 |
+--------------+-----------------------+------------------------+-----------------+--------------+


4. Detailed Control Set Information
-----------------------------------

+---------------------------------------------+-------------------------------------------+------------------+------------------+----------------+--------------+
|                 Clock Signal                |               Enable Signal               | Set/Reset Signal | Slice Load Count | Bel Load Count | Bels / Slice |
+---------------------------------------------+-------------------------------------------+------------------+------------------+----------------+--------------+
|  clk_IBUF                                   |                                           |                  |                1 |              1 |         1.00 |
|  uart_block_i/clk_divider_emad_0/U0/clk_div |                                           | btn0_IBUF        |                2 |              8 |         4.00 |
|  uart_block_i/rx_mod_0/U0/intr              |                                           |                  |                3 |              8 |         2.67 |
|  clk_IBUF                                   |                                           | btn0_IBUF        |                2 |              8 |         4.00 |
|  uart_block_i/clk_divider_emad_0/U0/clk_div | uart_block_i/rx_mod_0/U0/rxreg[8]_i_1_n_0 | btn0_IBUF        |                2 |             10 |         5.00 |
+---------------------------------------------+-------------------------------------------+------------------+------------------+----------------+--------------+


