#-----------------------------------------------------------
# Vivado v2023.2.2 (64-bit)
# SW Build 4126759 on Thu Feb  8 23:53:51 MST 2024
# IP Build 4126054 on Fri Feb  9 11:39:09 MST 2024
# SharedData Build 4115275 on Tue Jan 30 00:40:57 MST 2024
# Start of session at: Thu Mar 21 13:36:26 2024
# Process ID: 21068
# Current directory: C:/Users/aksel/OneDrive/Skrivebord/4-semester/DigitalProgrammerbarElektronik/Lab4/lab4project.runs/pwm_block_clk_divider_0_0_synth_1
# Command line: vivado.exe -log pwm_block_clk_divider_0_0.vds -product Vivado -mode batch -messageDb vivado.pb -notrace -source pwm_block_clk_divider_0_0.tcl
# Log file: C:/Users/aksel/OneDrive/Skrivebord/4-semester/DigitalProgrammerbarElektronik/Lab4/lab4project.runs/pwm_block_clk_divider_0_0_synth_1/pwm_block_clk_divider_0_0.vds
# Journal file: C:/Users/aksel/OneDrive/Skrivebord/4-semester/DigitalProgrammerbarElektronik/Lab4/lab4project.runs/pwm_block_clk_divider_0_0_synth_1\vivado.jou
# Running On: Amh2, OS: Windows, CPU Frequency: 3110 MHz, CPU Physical cores: 12, Host memory: 16890 MB
#-----------------------------------------------------------
source pwm_block_clk_divider_0_0.tcl -notrace
